
> be-project-68-nocortisol@1.0.0 test
> jest --coverage

PASS tests/unit/middleware/auth.test.js (21.203 s)
  ● Console

    console.log
      ◇ injected env (0) from config/config.env // tip: ⌘ multiple files { path: ['.env.local', '.env'] }

      at _log (node_modules/dotenv/lib/main.js:131:11)

PASS tests/unit/middleware/upload.test.js (21.414 s)
  ● Console

    console.log
      ◇ injected env (0) from config/config.env // tip: ⌘ custom filepath { path: '/custom/path/.env' }

      at _log (node_modules/dotenv/lib/main.js:131:11)

(node:62410) [MONGOOSE] Warning: mongoose: the `new` option for `findOneAndUpdate()` and `findOneAndReplace()` is deprecated. Use `returnDocument: 'after'` instead.
(Use `node --trace-warnings ...` to show where the warning was created)
PASS tests/system/api-security.test.js (23.689 s)
  ● Console

    console.log
      ◇ injected env (0) from config/config.env // tip: ⌘ custom filepath { path: '/custom/path/.env' }

      at _log (node_modules/dotenv/lib/main.js:131:11)

    console.log
      ◇ injected env (0) from config/config.env // tip: ◈ secrets for agents [www.dotenvx.com]

      at _log (node_modules/dotenv/lib/main.js:131:11)

(node:62410) [MONGOOSE] Warning: mongoose: the `new` option for `findOneAndUpdate()` and `findOneAndReplace()` is deprecated. Use `returnDocument: 'after'` instead.
(node:62410) [MONGOOSE] Warning: mongoose: the `new` option for `findOneAndUpdate()` and `findOneAndReplace()` is deprecated. Use `returnDocument: 'after'` instead.
(node:62410) [MONGOOSE] Warning: mongoose: the `new` option for `findOneAndUpdate()` and `findOneAndReplace()` is deprecated. Use `returnDocument: 'after'` instead.
PASS tests/integration/controllers/auth.test.js (26.56 s)
  ● Console

    console.log
      ◇ injected env (0) from config/config.env // tip: ⌘ custom filepath { path: '/custom/path/.env' }

      at _log (node_modules/dotenv/lib/main.js:131:11)

FAIL tests/system/user-flow.test.js (26.555 s)
  ● Console

    console.log
      ◇ injected env (0) from config/config.env // tip: ⌁ auth for agents [www.vestauth.com]

      at _log (node_modules/dotenv/lib/main.js:131:11)

    console.log
      ◇ injected env (0) from config/config.env // tip: ⌘ custom filepath { path: '/custom/path/.env' }

      at _log (node_modules/dotenv/lib/main.js:131:11)

    console.log
      ENUM VALUES IN MEMORY: [ 'user', 'admin', 'company' ]

      at Object.log (tests/system/user-flow.test.js:51:17)

    console.log
      Users in DB: 2

      at Object.log (tests/system/user-flow.test.js:71:17)

    console.log
      { id: '69ee32c351f8cafc908626b0', iat: 1777218249, exp: 1779810249 }

      at log (middleware/auth.js:23:11)

    console.log
      { id: '69ee32c951f8cafc908626b1', iat: 1777218250, exp: 1779810250 }

      at log (middleware/auth.js:23:11)

    console.log
      { id: '69ee32c951f8cafc908626b1', iat: 1777218250, exp: 1779810250 }

      at log (middleware/auth.js:23:11)

    console.log
      { id: '69ee32c351f8cafc908626b0', iat: 1777218249, exp: 1779810249 }

      at log (middleware/auth.js:23:11)

    console.log
      { id: '69ee32c351f8cafc908626b0', iat: 1777218249, exp: 1779810249 }

      at log (middleware/auth.js:23:11)

    console.log
      { id: '69ee32ca51f8cafc908626b2', iat: 1777218251, exp: 1779810251 }

      at log (middleware/auth.js:23:11)

  ● System E2E - User Flow › 4. User retrieves their Booking

    expect(received).toBe(expected) // Object.is equality

    Expected: 200
    Received: 403

      113 | 			.set("Authorization", `Bearer ${userToken}`);
      114 |
    > 115 | 		expect(res.statusCode).toBe(200);
          | 		                       ^
      116 | 		expect(res.body.data).toHaveProperty("company");
      117 |         expect(res.body.data.company._id).toBe(companyId);
      118 | 	});

      at Object.toBe (tests/system/user-flow.test.js:115:26)

  ● System E2E - User Flow › 5. Admin initiates a Payment event on the Company

    expect(received).toBe(expected) // Object.is equality

    Expected: "initiated"
    Received: "authorized"

      128 | 		expect(res.statusCode).toBe(201);
      129 |         paymentId = res.body.data._id;
    > 130 | 		expect(res.body.data.status).toBe("initiated");
          | 		                             ^
      131 | 	});
      132 |
      133 |     it("6. Admin authorizes the Payment", async () => {

      at Object.toBe (tests/system/user-flow.test.js:130:32)

PASS tests/integration/controllers/companies.test.js (30.154 s)
  ● Console

    console.log
      ◇ injected env (0) from config/config.env // tip: ⌘ override existing { override: true }

      at _log (node_modules/dotenv/lib/main.js:131:11)

PASS tests/integration/controllers/payments.test.js (38.41 s)
  ● Console

    console.log
      ◇ injected env (0) from config/config.env // tip: ⌘ override existing { override: true }

      at _log (node_modules/dotenv/lib/main.js:131:11)

(node:62413) [MONGOOSE] Warning: mongoose: the `new` option for `findOneAndUpdate()` and `findOneAndReplace()` is deprecated. Use `returnDocument: 'after'` instead.
(Use `node --trace-warnings ...` to show where the warning was created)
(node:62413) [MONGOOSE] Warning: mongoose: the `new` option for `findOneAndUpdate()` and `findOneAndReplace()` is deprecated. Use `returnDocument: 'after'` instead.
FAIL tests/integration/controllers/bookings.test.js (47.169 s)
  ● Console

    console.log
      ◇ injected env (0) from config/config.env // tip: ⌘ suppress logs { quiet: true }

      at _log (node_modules/dotenv/lib/main.js:131:11)

  ● Booking Controller Integration › getBookings › should retrieve all bookings for admin

    expect(jest.fn()).toHaveBeenCalledWith(...expected)

    Expected: 200
    Received: 500

    Number of calls: 1

      79 | 			await bookingController.getBookings(req, res);
      80 |
    > 81 | 			expect(res.status).toHaveBeenCalledWith(200);
         | 			                   ^
      82 | 			expect(res.json).toHaveBeenCalledWith(
      83 | 				expect.objectContaining({
      84 | 					success: true,

      at Object.toHaveBeenCalledWith (tests/integration/controllers/bookings.test.js:81:23)

  ● Booking Controller Integration › getBookings › should filter bookings by companyId for admin if specified

    expect(jest.fn()).toHaveBeenCalledWith(...expected)

    Expected: 200
    Received: 500

    Number of calls: 1

      94 | 			await bookingController.getBookings(req, res);
      95 |
    > 96 | 			expect(res.status).toHaveBeenCalledWith(200);
         | 			                   ^
      97 | 			expect(res.json).toHaveBeenCalledWith(
      98 | 				expect.objectContaining({ count: 1 }),
      99 | 			);

      at Object.toHaveBeenCalledWith (tests/integration/controllers/bookings.test.js:96:23)

  ● Booking Controller Integration › getBookings › should retrieve bookings for company manager

    expect(jest.fn()).toHaveBeenCalledWith(...expected)

    Expected: 200
    Received: 500

    Number of calls: 1

      104 | 			await bookingController.getBookings(req, res);
      105 |
    > 106 | 			expect(res.status).toHaveBeenCalledWith(200);
          | 			                   ^
      107 | 			expect(res.json).toHaveBeenCalledWith(
      108 | 				expect.objectContaining({ count: 1 }),
      109 | 			);

      at Object.toHaveBeenCalledWith (tests/integration/controllers/bookings.test.js:106:23)

  ● Booking Controller Integration › getBookings › should retrieve only user bookings for normal user

    expect(jest.fn()).toHaveBeenCalledWith(...expected)

    Expected: 200
    Received: 500

    Number of calls: 1

      128 | 			await bookingController.getBookings(req, res);
      129 |
    > 130 | 			expect(res.status).toHaveBeenCalledWith(200);
          | 			                   ^
      131 | 			expect(res.json).toHaveBeenCalledWith(
      132 | 				expect.objectContaining({ count: 1 }),
      133 | 			);

      at Object.toHaveBeenCalledWith (tests/integration/controllers/bookings.test.js:130:23)

  ● Booking Controller Integration › getBookings › should handle select and sort

    expect(jest.fn()).toHaveBeenCalledWith(...expected)

    Expected: 200
    Received: 500

    Number of calls: 1

      139 | 			await bookingController.getBookings(req, res);
      140 |
    > 141 | 			expect(res.status).toHaveBeenCalledWith(200);
          | 			                   ^
      142 | 		});
      143 |
      144 | 		it("should handle pagination and regex", async () => {

      at Object.toHaveBeenCalledWith (tests/integration/controllers/bookings.test.js:141:23)

  ● Booking Controller Integration › getBookings › should handle pagination and regex

    expect(jest.fn()).toHaveBeenCalledWith(...expected)

    Expected: 200
    Received: 500

    Number of calls: 1

      155 | 			await bookingController.getBookings(req, res);
      156 |
    > 157 | 			expect(res.status).toHaveBeenCalledWith(200);
          | 			                   ^
      158 | 			expect(res.json).toHaveBeenCalledWith(
      159 | 				expect.objectContaining({
      160 | 					pagination: expect.objectContaining({

      at Object.toHaveBeenCalledWith (tests/integration/controllers/bookings.test.js:157:23)

  ● Booking Controller Integration › getBookings › should handle CastError

    expect(jest.fn()).toHaveBeenCalledWith(...expected)

    Expected: 400
    Received: 500

    Number of calls: 1

      171 | 			await bookingController.getBookings(req, res);
      172 |
    > 173 | 			expect(res.status).toHaveBeenCalledWith(400);
          | 			                   ^
      174 | 		});
      175 |
      176 | 		it("should return 500 on server error", async () => {

      at Object.toHaveBeenCalledWith (tests/integration/controllers/bookings.test.js:173:23)

  ● Booking Controller Integration › getBooking › should retrieve a booking if authorized owner

    expect(jest.fn()).toHaveBeenCalledWith(...expected)

    Expected: 200
    Received: 500

    Number of calls: 1

      192 | 			await bookingController.getBooking(req, res);
      193 |
    > 194 | 			expect(res.status).toHaveBeenCalledWith(200);
          | 			                   ^
      195 | 			expect(res.json).toHaveBeenCalledWith(
      196 | 				expect.objectContaining({ success: true }),
      197 | 			);

      at Object.toHaveBeenCalledWith (tests/integration/controllers/bookings.test.js:194:23)

  ● Booking Controller Integration › getBooking › should return 403 if not authorized

    expect(jest.fn()).toHaveBeenCalledWith(...expected)

    Expected: 403
    Received: 500

    Number of calls: 1

      218 | 			await bookingController.getBooking(req, res);
      219 |
    > 220 | 			expect(res.status).toHaveBeenCalledWith(403);
          | 			                   ^
      221 | 		});
      222 |
      223 | 		it("should return 500 on server error", async () => {

      at Object.toHaveBeenCalledWith (tests/integration/controllers/bookings.test.js:220:23)

  ● Booking Controller Integration › getBooking › should allow company manager to view their own bookings

    expect(jest.fn()).toHaveBeenCalledWith(...expected)

    Expected: 200
    Received: 500

    Number of calls: 1

      231 | 			req.params.id = booking._id;
      232 | 			await bookingController.getBooking(req, res);
    > 233 | 			expect(res.status).toHaveBeenCalledWith(200);
          | 			                   ^
      234 |
      235 |
      236 | 			const anotherMngr = await User.create({ name: "Un", email: "un@t.com", password: "password123", tel: "0812345678", role: "company" });

      at Object.toHaveBeenCalledWith (tests/integration/controllers/bookings.test.js:233:23)

  ● Booking Controller Integration › getBooking › should allow admin to view any booking

    expect(jest.fn()).toHaveBeenCalledWith(...expected)

    Expected: 200
    Received: 500

    Number of calls: 1

      253 | 			req.params.id = booking._id;
      254 | 			await bookingController.getBooking(req, res);
    > 255 | 			expect(res.status).toHaveBeenCalledWith(200);
          | 			                   ^
      256 | 		});
      257 |
      258 | 		it("should return false if booking has no user", async () => {

      at Object.toHaveBeenCalledWith (tests/integration/controllers/bookings.test.js:255:23)

  ● Booking Controller Integration › getBooking › should return false if booking has no user

    expect(jest.fn()).toHaveBeenCalledWith(...expected)

    Expected: 403
    Received
           1: 500
           2: 500

    Number of calls: 2

      269 | 			req.user = { id: user._id.toString(), role: "user" };
      270 | 			await bookingController.getBooking(req, res);
    > 271 | 			expect(res.status).toHaveBeenCalledWith(403);
          | 			                   ^
      272 | 		});
      273 | 	});
      274 |

      at Object.toHaveBeenCalledWith (tests/integration/controllers/bookings.test.js:271:23)

---------------------------------------------|---------|----------|---------|---------|---------------------------
File                                         | % Stmts | % Branch | % Funcs | % Lines | Uncovered Line #s         
---------------------------------------------|---------|----------|---------|---------|---------------------------
All files                                    |   94.26 |    86.86 |   94.64 |   94.89 |                           
 se-project-be-68-2-expedition33             |   86.53 |    58.33 |   33.33 |   88.23 |                           
  server.js                                  |   86.53 |    58.33 |   33.33 |   88.23 | 18,133,145-151            
 se-project-be-68-2-expedition33/config      |   66.66 |      100 |       0 |   66.66 |                           
  cloudinary.js                              |     100 |      100 |     100 |     100 |                           
  db.js                                      |      50 |      100 |       0 |      50 | 4-7                       
 se-project-be-68-2-expedition33/controllers |   94.61 |    87.89 |     100 |   95.23 |                           
  auth.js                                    |     100 |      100 |     100 |     100 |                           
  bookings.js                                |   87.59 |    78.78 |     100 |   89.43 | 16-26,116-132,140,173     
  companies.js                               |   99.41 |    90.76 |     100 |     100 | 21-34,350-367             
  payments.js                                |   93.75 |    89.52 |     100 |   93.52 | 52-60,187,308-314,379-385 
 se-project-be-68-2-expedition33/middleware  |     100 |      100 |     100 |     100 |                           
  auth.js                                    |     100 |      100 |     100 |     100 |                           
  upload.js                                  |     100 |      100 |     100 |     100 |                           
 se-project-be-68-2-expedition33/models      |     100 |      100 |     100 |     100 |                           
  Booking.js                                 |     100 |      100 |     100 |     100 |                           
  Company.js                                 |     100 |      100 |     100 |     100 |                           
  Payment.js                                 |     100 |      100 |     100 |     100 |                           
  User.js                                    |     100 |      100 |     100 |     100 |                           
 se-project-be-68-2-expedition33/routes      |     100 |      100 |     100 |     100 |                           
  auth.js                                    |     100 |      100 |     100 |     100 |                           
  bookings.js                                |     100 |      100 |     100 |     100 |                           
  companies.js                               |     100 |      100 |     100 |     100 |                           
  payments.js                                |     100 |      100 |     100 |     100 |                           
---------------------------------------------|---------|----------|---------|---------|---------------------------
Test Suites: 2 failed, 6 passed, 8 total
Tests:       14 failed, 102 passed, 116 total
Snapshots:   0 total
Time:        47.986 s
Ran all test suites.
